11:38:47 **** Auto Build of configuration Debug for project dmatest ****
make pre-build main-build 
a9-linaro-pre-build-step
' '
'Building file: ../src/xaxidma_example_simple_intr.c'
'Invoking: ARM v7 gcc compiler'
arm-none-eabi-gcc -Wall -O0 -g3 -c -fmessage-length=0 -MT"src/xaxidma_example_simple_intr.o" -mcpu=cortex-a9 -mfpu=vfpv3 -mfloat-abi=hard -I../../dmatest_bsp/ps7_cortexa9_0/include -MMD -MP -MF"src/xaxidma_example_simple_intr.d" -MT"src/xaxidma_example_simple_intr.o" -o "src/xaxidma_example_simple_intr.o" "../src/xaxidma_example_simple_intr.c"
../src/xaxidma_example_simple_intr.c:119:2: warning: #warning CHECK FOR THE VALID DDR ADDRESS IN XPARAMETERS.H, DEFAULT SET TO 0x01000000 [-Wcpp]
 #warning CHECK FOR THE VALID DDR ADDRESS IN XPARAMETERS.H, \
  ^~~~~~~
'Finished building: ../src/xaxidma_example_simple_intr.c'
' '
'Building target: dmatest.elf'
'Invoking: ARM v7 gcc linker'
arm-none-eabi-gcc -mcpu=cortex-a9 -mfpu=vfpv3 -mfloat-abi=hard -Wl,-build-id=none -specs=Xilinx.spec -Wl,-T -Wl,../src/lscript.ld -L../../dmatest_bsp/ps7_cortexa9_0/lib -o "dmatest.elf"  ./src/xaxidma_example_simple_intr.o   -Wl,--start-group,-lxil,-lgcc,-lc,--end-group
'Finished building target: dmatest.elf'
' '
'Invoking: ARM v7 Print Size'
arm-none-eabi-size dmatest.elf  |tee "dmatest.elf.size"
   text	   data	    bss	    dec	    hex	filename
  39912	   3032	  24536	  67480	  10798	dmatest.elf
'Finished building: dmatest.elf.size'
' '

11:38:48 Build Finished (took 1s.149ms)

