22:46:12 **** Incremental Build of configuration Debug for project fifo_test ****
make pre-build main-build 
a9-linaro-pre-build-step
' '
make: Nothing to be done for 'main-build'.
22:46:17 **** Incremental Build of configuration Debug for project fifo_test ****
make pre-build main-build 
a9-linaro-pre-build-step
' '
make: Nothing to be done for 'main-build'.
22:48:00 **** Auto Build of configuration Debug for project fifo_test ****
make pre-build main-build 
a9-linaro-pre-build-step
' '
'Building file: ../src/xllfifo_polling_example.c'
'Invoking: ARM v7 gcc compiler'
arm-none-eabi-gcc -Wall -O0 -g3 -c -fmessage-length=0 -MT"src/xllfifo_polling_example.o" -mcpu=cortex-a9 -mfpu=vfpv3 -mfloat-abi=hard -I../../fifo_test_bsp/ps7_cortexa9_0/include -MMD -MP -MF"src/xllfifo_polling_example.d" -MT"src/xllfifo_polling_example.o" -o "src/xllfifo_polling_example.o" "../src/xllfifo_polling_example.c"
'Finished building: ../src/xllfifo_polling_example.c'
' '
'Building target: fifo_test.elf'
'Invoking: ARM v7 gcc linker'
arm-none-eabi-gcc -mcpu=cortex-a9 -mfpu=vfpv3 -mfloat-abi=hard -Wl,-build-id=none -specs=Xilinx.spec -Wl,-T -Wl,../src/lscript.ld -L../../fifo_test_bsp/ps7_cortexa9_0/lib -o "fifo_test.elf"  ./src/xllfifo_polling_example.o   -Wl,--start-group,-lxil,-lgcc,-lc,--end-group
'Finished building target: fifo_test.elf'
' '
'Invoking: ARM v7 Print Size'
arm-none-eabi-size fifo_test.elf  |tee "fifo_test.elf.size"
   text	   data	    bss	    dec	    hex	filename
  26224	   1168	  30872	  58264	   e398	fifo_test.elf
'Finished building: fifo_test.elf.size'
' '
22:48:19 **** Auto Build of configuration Debug for project fifo_test ****
make pre-build main-build 
a9-linaro-pre-build-step
' '
'Building file: ../src/xllfifo_polling_example.c'
'Invoking: ARM v7 gcc compiler'
arm-none-eabi-gcc -Wall -O0 -g3 -c -fmessage-length=0 -MT"src/xllfifo_polling_example.o" -mcpu=cortex-a9 -mfpu=vfpv3 -mfloat-abi=hard -I../../fifo_test_bsp/ps7_cortexa9_0/include -MMD -MP -MF"src/xllfifo_polling_example.d" -MT"src/xllfifo_polling_example.o" -o "src/xllfifo_polling_example.o" "../src/xllfifo_polling_example.c"
'Finished building: ../src/xllfifo_polling_example.c'
' '
'Building target: fifo_test.elf'
'Invoking: ARM v7 gcc linker'
arm-none-eabi-gcc -mcpu=cortex-a9 -mfpu=vfpv3 -mfloat-abi=hard -Wl,-build-id=none -specs=Xilinx.spec -Wl,-T -Wl,../src/lscript.ld -L../../fifo_test_bsp/ps7_cortexa9_0/lib -o "fifo_test.elf"  ./src/xllfifo_polling_example.o   -Wl,--start-group,-lxil,-lgcc,-lc,--end-group
'Finished building target: fifo_test.elf'
' '
'Invoking: ARM v7 Print Size'
arm-none-eabi-size fifo_test.elf  |tee "fifo_test.elf.size"
   text	   data	    bss	    dec	    hex	filename
  26224	   1168	  30872	  58264	   e398	fifo_test.elf
'Finished building: fifo_test.elf.size'
' '
