18:10:03 **** Incremental Build of configuration Debug for project gpio_intrpt ****
make pre-build main-build 
a9-linaro-pre-build-step
' '
make: Nothing to be done for 'main-build'.
18:24:44 **** Auto Build of configuration Debug for project gpio_intrpt ****
make pre-build main-build 
a9-linaro-pre-build-step
' '
'Building file: ../src/helloworld.c'
'Invoking: ARM v7 gcc compiler'
arm-none-eabi-gcc -Wall -O0 -g3 -c -fmessage-length=0 -MT"src/helloworld.o" -mcpu=cortex-a9 -mfpu=vfpv3 -mfloat-abi=hard -I../../gpio_intrpt_bsp/ps7_cortexa9_0/include -MMD -MP -MF"src/helloworld.d" -MT"src/helloworld.o" -o "src/helloworld.o" "../src/helloworld.c"
'Finished building: ../src/helloworld.c'
' '
'Building target: gpio_intrpt.elf'
'Invoking: ARM v7 gcc linker'
arm-none-eabi-gcc -mcpu=cortex-a9 -mfpu=vfpv3 -mfloat-abi=hard -Wl,-build-id=none -specs=Xilinx.spec -Wl,-T -Wl,../src/lscript.ld -L../../gpio_intrpt_bsp/ps7_cortexa9_0/lib -o "gpio_intrpt.elf"  ./src/helloworld.o ./src/platform.o   -Wl,--start-group,-lxil,-lgcc,-lc,--end-group
'Finished building target: gpio_intrpt.elf'
' '
'Invoking: ARM v7 Print Size'
arm-none-eabi-size gpio_intrpt.elf  |tee "gpio_intrpt.elf.size"
   text	   data	    bss	    dec	    hex	filename
  25300	   1952	  22632	  49884	   c2dc	gpio_intrpt.elf
'Finished building: gpio_intrpt.elf.size'
' '
18:25:02 **** Auto Build of configuration Debug for project gpio_intrpt ****
make pre-build main-build 
a9-linaro-pre-build-step
' '
'Building file: ../src/helloworld.c'
'Invoking: ARM v7 gcc compiler'
arm-none-eabi-gcc -Wall -O0 -g3 -c -fmessage-length=0 -MT"src/helloworld.o" -mcpu=cortex-a9 -mfpu=vfpv3 -mfloat-abi=hard -I../../gpio_intrpt_bsp/ps7_cortexa9_0/include -MMD -MP -MF"src/helloworld.d" -MT"src/helloworld.o" -o "src/helloworld.o" "../src/helloworld.c"
'Finished building: ../src/helloworld.c'
' '
'Building target: gpio_intrpt.elf'
'Invoking: ARM v7 gcc linker'
arm-none-eabi-gcc -mcpu=cortex-a9 -mfpu=vfpv3 -mfloat-abi=hard -Wl,-build-id=none -specs=Xilinx.spec -Wl,-T -Wl,../src/lscript.ld -L../../gpio_intrpt_bsp/ps7_cortexa9_0/lib -o "gpio_intrpt.elf"  ./src/helloworld.o ./src/platform.o   -Wl,--start-group,-lxil,-lgcc,-lc,--end-group
'Finished building target: gpio_intrpt.elf'
' '
'Invoking: ARM v7 Print Size'
arm-none-eabi-size gpio_intrpt.elf  |tee "gpio_intrpt.elf.size"
   text	   data	    bss	    dec	    hex	filename
  25300	   1952	  22632	  49884	   c2dc	gpio_intrpt.elf
'Finished building: gpio_intrpt.elf.size'
' '
