15:55:52 **** Incremental Build of configuration Debug for project newcustip ****
make pre-build main-build 
a9-linaro-pre-build-step
' '
make: Nothing to be done for 'main-build'.
15:58:39 **** Auto Build of configuration Debug for project newcustip ****
make pre-build main-build 
a9-linaro-pre-build-step
' '
'Building file: ../src/helloworld.c'
'Invoking: ARM v7 gcc compiler'
arm-none-eabi-gcc -Wall -O0 -g3 -c -fmessage-length=0 -MT"src/helloworld.o" -mcpu=cortex-a9 -mfpu=vfpv3 -mfloat-abi=hard -I../../newcustip_bsp/ps7_cortexa9_0/include -MMD -MP -MF"src/helloworld.d" -MT"src/helloworld.o" -o "src/helloworld.o" "../src/helloworld.c"
'Finished building: ../src/helloworld.c'
' '
'Building target: newcustip.elf'
'Invoking: ARM v7 gcc linker'
arm-none-eabi-gcc -mcpu=cortex-a9 -mfpu=vfpv3 -mfloat-abi=hard -Wl,-build-id=none -specs=Xilinx.spec -Wl,-T -Wl,../src/lscript.ld -L../../newcustip_bsp/ps7_cortexa9_0/lib -o "newcustip.elf"  ./src/helloworld.o ./src/platform.o   -Wl,--start-group,-lxil,-lgcc,-lc,--end-group
'Finished building target: newcustip.elf'
' '
'Invoking: ARM v7 Print Size'
arm-none-eabi-size newcustip.elf  |tee "newcustip.elf.size"
   text	   data	    bss	    dec	    hex	filename
  25164	   1952	  22632	  49748	   c254	newcustip.elf
'Finished building: newcustip.elf.size'
' '
15:59:07 **** Auto Build of configuration Debug for project newcustip ****
make pre-build main-build 
a9-linaro-pre-build-step
' '
'Building file: ../src/helloworld.c'
'Invoking: ARM v7 gcc compiler'
arm-none-eabi-gcc -Wall -O0 -g3 -c -fmessage-length=0 -MT"src/helloworld.o" -mcpu=cortex-a9 -mfpu=vfpv3 -mfloat-abi=hard -I../../newcustip_bsp/ps7_cortexa9_0/include -MMD -MP -MF"src/helloworld.d" -MT"src/helloworld.o" -o "src/helloworld.o" "../src/helloworld.c"
'Finished building: ../src/helloworld.c'
' '
'Building target: newcustip.elf'
'Invoking: ARM v7 gcc linker'
arm-none-eabi-gcc -mcpu=cortex-a9 -mfpu=vfpv3 -mfloat-abi=hard -Wl,-build-id=none -specs=Xilinx.spec -Wl,-T -Wl,../src/lscript.ld -L../../newcustip_bsp/ps7_cortexa9_0/lib -o "newcustip.elf"  ./src/helloworld.o ./src/platform.o   -Wl,--start-group,-lxil,-lgcc,-lc,--end-group
'Finished building target: newcustip.elf'
' '
'Invoking: ARM v7 Print Size'
arm-none-eabi-size newcustip.elf  |tee "newcustip.elf.size"
   text	   data	    bss	    dec	    hex	filename
  25164	   1952	  22632	  49748	   c254	newcustip.elf
'Finished building: newcustip.elf.size'
' '
15:59:28 **** Auto Build of configuration Debug for project newcustip ****
make pre-build main-build 
a9-linaro-pre-build-step
' '
'Building file: ../src/helloworld.c'
'Invoking: ARM v7 gcc compiler'
arm-none-eabi-gcc -Wall -O0 -g3 -c -fmessage-length=0 -MT"src/helloworld.o" -mcpu=cortex-a9 -mfpu=vfpv3 -mfloat-abi=hard -I../../newcustip_bsp/ps7_cortexa9_0/include -MMD -MP -MF"src/helloworld.d" -MT"src/helloworld.o" -o "src/helloworld.o" "../src/helloworld.c"
'Finished building: ../src/helloworld.c'
' '
'Building target: newcustip.elf'
'Invoking: ARM v7 gcc linker'
arm-none-eabi-gcc -mcpu=cortex-a9 -mfpu=vfpv3 -mfloat-abi=hard -Wl,-build-id=none -specs=Xilinx.spec -Wl,-T -Wl,../src/lscript.ld -L../../newcustip_bsp/ps7_cortexa9_0/lib -o "newcustip.elf"  ./src/helloworld.o ./src/platform.o   -Wl,--start-group,-lxil,-lgcc,-lc,--end-group
'Finished building target: newcustip.elf'
' '
'Invoking: ARM v7 Print Size'
arm-none-eabi-size newcustip.elf  |tee "newcustip.elf.size"
   text	   data	    bss	    dec	    hex	filename
  25164	   1952	  22632	  49748	   c254	newcustip.elf
'Finished building: newcustip.elf.size'
' '
