22:06:20 **** Auto Build of configuration Debug for project blink ****
make pre-build main-build 
a9-linaro-pre-build-step
' '
'Building file: ../src/helloworld.c'
'Invoking: ARM v7 gcc compiler'
arm-none-eabi-gcc -Wall -O0 -g3 -c -fmessage-length=0 -MT"src/helloworld.o" -mcpu=cortex-a9 -mfpu=vfpv3 -mfloat-abi=hard -I../../blink_bsp/ps7_cortexa9_0/include -MMD -MP -MF"src/helloworld.d" -MT"src/helloworld.o" -o "src/helloworld.o" "../src/helloworld.c"
../src/helloworld.c: In function 'BTN_Intr_Handler':
../src/helloworld.c:23:18: warning: large integer implicitly truncated to unsigned type [-Woverflow]
 #define TMR_LOAD 4278190080*3 //0xFF000000 //4278190080*3
                  ^
../src/helloworld.c:62:38: note: in expansion of macro 'TMR_LOAD'
   XTmrCtr_SetResetValue(&TMRInst, 0, TMR_LOAD); //slow
                                      ^~~~~~~~
../src/helloworld.c: In function 'main':
../src/helloworld.c:118:31: warning: passing argument 2 of 'XTmrCtr_SetHandler' from incompatible pointer type [-Wincompatible-pointer-types]
  XTmrCtr_SetHandler(&TMRInst, TMR_Intr_Handler, &TMRInst);
                               ^~~~~~~~~~~~~~~~
In file included from ../src/helloworld.c:8:0:
../../blink_bsp/ps7_cortexa9_0/include/xtmrctr.h:314:6: note: expected 'XTmrCtr_Handler {aka void (*)(void *, unsigned char)}' but argument is of type 'void (*)(void *)'
 void XTmrCtr_SetHandler(XTmrCtr * InstancePtr, XTmrCtr_Handler FuncPtr,
      ^~~~~~~~~~~~~~~~~~
../src/helloworld.c:23:18: warning: large integer implicitly truncated to unsigned type [-Woverflow]
 #define TMR_LOAD 4278190080*3 //0xFF000000 //4278190080*3
                  ^
../src/helloworld.c:119:37: note: in expansion of macro 'TMR_LOAD'
  XTmrCtr_SetResetValue(&TMRInst, 0, TMR_LOAD);
                                     ^~~~~~~~
../src/helloworld.c:113:18: warning: unused variable 'TimerConfig' [-Wunused-variable]
  XTmrCtr_Config *TimerConfig;
                  ^~~~~~~~~~~
'Finished building: ../src/helloworld.c'
' '
'Building target: blink.elf'
'Invoking: ARM v7 gcc linker'
arm-none-eabi-gcc -mcpu=cortex-a9 -mfpu=vfpv3 -mfloat-abi=hard -Wl,-build-id=none -specs=Xilinx.spec -Wl,-T -Wl,../src/lscript.ld -L../../blink_bsp/ps7_cortexa9_0/lib -o "blink.elf"  ./src/helloworld.o ./src/platform.o   -Wl,--start-group,-lxil,-lgcc,-lc,--end-group
'Finished building target: blink.elf'
' '
'Invoking: ARM v7 Print Size'
arm-none-eabi-size blink.elf  |tee "blink.elf.size"
   text	   data	    bss	    dec	    hex	filename
  80852	   3412	  23440	 107704	  1a4b8	blink.elf
'Finished building: blink.elf.size'
' '

22:06:21 Build Finished (took 1s.225ms)

